18:08:26.286 INFO --- obs logging started ---
18:08:26.286 INFO scan state=OFF -> APPROACHING_START | t=1786226906.3 next=calibration in +11.7s freq=1
18:08:27.289 DEBUG scan state=OFF -> APPROACHING_START | t=1786226907.3 next=calibration in +10.7s freq=1
18:08:29.285 DEBUG scan state=OFF -> APPROACHING_START | t=1786226909.3 next=calibration in +8.7s freq=1
18:08:30.291 DEBUG scan state=OFF -> APPROACHING_START | t=1786226910.3 next=calibration in +7.7s freq=1
18:08:31.299 DEBUG scan state=OFF -> APPROACHING_START | t=1786226911.3 next=calibration in +6.7s freq=1
18:08:33.282 DEBUG scan state=OFF -> APPROACHING_START | t=1786226913.3 next=calibration in +4.7s freq=1
18:08:34.288 DEBUG scan state=OFF -> APPROACHING_START | t=1786226914.3 next=calibration in +3.7s freq=1
18:08:35.293 DEBUG scan state=OFF -> APPROACHING_START | t=1786226915.3 next=calibration in +2.7s freq=1
18:08:37.289 DEBUG scan state=OFF -> APPROACHING_START | t=1786226917.3 next=calibration in +0.7s freq=1
18:08:38.284 INFO scan state=OFF -> START_CAL | t=1786226918.3 next=calibration in -0.3s freq=1
18:08:41.311 INFO scan state=CAL_1 -> NO_ACTION | t=1786226921.3 next=scan in +146.7s freq=1
18:09:08.307 DEBUG scan state=CAL_1 -> NO_ACTION | t=1786226948.3 next=scan in +119.7s freq=1
18:09:10.306 DEBUG scan state=CAL_1 -> NO_ACTION | t=1786226950.3 next=scan in +117.7s freq=1
18:09:11.308 DEBUG scan state=CAL_1 -> NO_ACTION | t=1786226951.3 next=scan in +116.7s freq=1
18:09:13.306 DEBUG scan state=CAL_1 -> NO_ACTION | t=1786226953.3 next=scan in +114.7s freq=1
18:09:15.300 DEBUG scan state=CAL_1 -> NO_ACTION | t=1786226955.3 next=scan in +112.7s freq=1
18:09:17.303 DEBUG scan state=CAL_1 -> NO_ACTION | t=1786226957.3 next=scan in +110.7s freq=1
18:09:18.306 DEBUG scan state=CAL_1 -> NO_ACTION | t=1786226958.3 next=scan in +109.7s freq=1
18:09:20.298 DEBUG scan state=CAL_1 -> NO_ACTION | t=1786226960.3 next=scan in +107.7s freq=1
18:09:21.307 DEBUG scan state=CAL_1 -> NO_ACTION | t=1786226961.3 next=scan in +106.7s freq=1
18:09:23.308 DEBUG scan state=CAL_1 -> NO_ACTION | t=1786226963.3 next=scan in +104.7s freq=1
18:09:24.308 DEBUG scan state=CAL_1 -> NO_ACTION | t=1786226964.3 next=scan in +103.7s freq=1
18:09:26.305 DEBUG scan state=CAL_1 -> NO_ACTION | t=1786226966.3 next=scan in +101.7s freq=1
18:09:28.301 DEBUG scan state=CAL_1 -> NO_ACTION | t=1786226968.3 next=scan in +99.7s freq=1
18:09:29.305 DEBUG scan state=CAL_1 -> NO_ACTION | t=1786226969.3 next=scan in +98.7s freq=1
18:09:30.313 DEBUG scan state=CAL_1 -> NO_ACTION | t=1786226970.3 next=scan in +97.7s freq=1
18:09:32.303 DEBUG scan state=CAL_1 -> NO_ACTION | t=1786226972.3 next=scan in +95.7s freq=1
18:09:34.309 DEBUG scan state=CAL_1 -> NO_ACTION | t=1786226974.3 next=scan in +93.7s freq=1
18:09:35.313 DEBUG scan state=CAL_1 -> NO_ACTION | t=1786226975.3 next=scan in +92.7s freq=1
18:09:37.313 DEBUG scan state=CAL_1 -> NO_ACTION | t=1786226977.3 next=scan in +90.7s freq=1
18:09:39.314 DEBUG scan state=CAL_1 -> NO_ACTION | t=1786226979.3 next=scan in +88.7s freq=1
18:09:40.308 INFO scan state=CAL_1 -> START_BG | t=1786226980.3 next=scan in +87.7s freq=1
18:09:41.309 DEBUG scan state=CAL_1 -> START_BG | t=1786226981.3 next=scan in +86.7s freq=1
18:09:43.281 INFO scan state=BG_1 -> NO_ACTION | t=1786226983.3 next=scan in +84.7s freq=1
18:09:45.265 DEBUG scan state=BG_1 -> NO_ACTION | t=1786226985.3 next=scan in +82.7s freq=1
18:09:46.272 DEBUG scan state=BG_1 -> NO_ACTION | t=1786226986.3 next=scan in +81.7s freq=1
18:09:48.264 DEBUG scan state=BG_1 -> NO_ACTION | t=1786226988.3 next=scan in +79.7s freq=1
18:09:49.270 DEBUG scan state=BG_1 -> NO_ACTION | t=1786226989.3 next=scan in +78.7s freq=1
18:09:51.260 DEBUG scan state=BG_1 -> NO_ACTION | t=1786226991.3 next=scan in +76.7s freq=1
18:09:52.269 DEBUG scan state=BG_1 -> NO_ACTION | t=1786226992.3 next=scan in +75.7s freq=1
18:09:54.262 DEBUG scan state=BG_1 -> NO_ACTION | t=1786226994.3 next=scan in +73.7s freq=1
18:09:55.275 DEBUG scan state=BG_1 -> NO_ACTION | t=1786226995.3 next=scan in +72.7s freq=1
18:09:57.273 DEBUG scan state=BG_1 -> NO_ACTION | t=1786226997.3 next=scan in +70.7s freq=1
18:09:59.263 DEBUG scan state=BG_1 -> NO_ACTION | t=1786226999.3 next=scan in +68.7s freq=1
18:10:00.270 DEBUG scan state=BG_1 -> NO_ACTION | t=1786227000.3 next=scan in +67.7s freq=1
18:10:02.271 DEBUG scan state=BG_1 -> NO_ACTION | t=1786227002.3 next=scan in +65.7s freq=1
18:10:03.273 DEBUG scan state=BG_1 -> NO_ACTION | t=1786227003.3 next=scan in +64.7s freq=1
18:10:05.266 DEBUG scan state=BG_1 -> NO_ACTION | t=1786227005.3 next=scan in +62.7s freq=1
18:10:06.269 DEBUG scan state=BG_1 -> NO_ACTION | t=1786227006.3 next=scan in +61.7s freq=1
18:10:07.281 DEBUG scan state=BG_1 -> NO_ACTION | t=1786227007.3 next=scan in +60.7s freq=1
18:10:08.262 INFO scan state=BG_1 -> APPROACHING_START | t=1786227008.3 next=scan in +59.7s freq=1
18:10:09.264 DEBUG scan state=BG_1 -> APPROACHING_START | t=1786227009.3 next=scan in +58.7s freq=1
18:10:11.266 DEBUG scan state=BG_1 -> APPROACHING_START | t=1786227011.3 next=scan in +56.7s freq=1
18:10:13.286 DEBUG scan state=BG_1 -> APPROACHING_START | t=1786227013.3 next=scan in +54.7s freq=1
18:10:15.269 DEBUG scan state=BG_1 -> APPROACHING_START | t=1786227015.3 next=scan in +52.7s freq=1
18:10:17.268 DEBUG scan state=BG_1 -> APPROACHING_START | t=1786227017.3 next=scan in +50.7s freq=1
18:10:19.267 DEBUG scan state=BG_1 -> APPROACHING_START | t=1786227019.3 next=scan in +48.7s freq=1
18:10:21.268 DEBUG scan state=BG_1 -> APPROACHING_START | t=1786227021.3 next=scan in +46.7s freq=1
18:10:23.265 DEBUG scan state=BG_1 -> APPROACHING_START | t=1786227023.3 next=scan in +44.7s freq=1
18:10:25.273 DEBUG scan state=BG_1 -> APPROACHING_START | t=1786227025.3 next=scan in +42.7s freq=1
18:10:27.261 DEBUG scan state=BG_1 -> APPROACHING_START | t=1786227027.3 next=scan in +40.7s freq=1
18:10:28.273 DEBUG scan state=BG_1 -> APPROACHING_START | t=1786227028.3 next=scan in +39.7s freq=1
18:10:30.274 DEBUG scan state=BG_1 -> APPROACHING_START | t=1786227030.3 next=scan in +37.7s freq=1
18:10:31.293 DEBUG scan state=BG_1 -> APPROACHING_START | t=1786227031.3 next=scan in +36.7s freq=1
18:10:33.261 DEBUG scan state=BG_1 -> APPROACHING_START | t=1786227033.3 next=scan in +34.7s freq=1
18:10:34.269 DEBUG scan state=BG_1 -> APPROACHING_START | t=1786227034.3 next=scan in +33.7s freq=1
18:10:36.266 DEBUG scan state=BG_1 -> APPROACHING_START | t=1786227036.3 next=scan in +31.7s freq=1
18:10:38.260 DEBUG scan state=BG_1 -> APPROACHING_START | t=1786227038.3 next=scan in +29.7s freq=1
18:10:39.262 DEBUG scan state=BG_1 -> APPROACHING_START | t=1786227039.3 next=scan in +28.7s freq=1
18:10:40.263 DEBUG scan state=BG_1 -> APPROACHING_START | t=1786227040.3 next=scan in +27.7s freq=1
18:10:41.268 DEBUG scan state=BG_1 -> APPROACHING_START | t=1786227041.3 next=scan in +26.7s freq=1
18:10:42.275 INFO scan state=BG_1 -> START_WAIT | t=1786227042.3 next=scan in +25.7s freq=1
18:10:43.259 INFO scan state=WAITING -> APPROACHING_START | t=1786227043.3 next=scan in +24.7s freq=1
18:10:44.264 DEBUG scan state=WAITING -> APPROACHING_START | t=1786227044.3 next=scan in +23.7s freq=1
18:10:45.269 DEBUG scan state=WAITING -> APPROACHING_START | t=1786227045.3 next=scan in +22.7s freq=1
18:10:46.270 DEBUG scan state=WAITING -> APPROACHING_START | t=1786227046.3 next=scan in +21.7s freq=1
18:10:48.263 DEBUG scan state=WAITING -> APPROACHING_START | t=1786227048.3 next=scan in +19.7s freq=1
18:10:49.269 DEBUG scan state=WAITING -> APPROACHING_START | t=1786227049.3 next=scan in +18.7s freq=1
18:10:50.274 DEBUG scan state=WAITING -> APPROACHING_START | t=1786227050.3 next=scan in +17.7s freq=1
18:10:52.263 DEBUG scan state=WAITING -> APPROACHING_START | t=1786227052.3 next=scan in +15.7s freq=1
18:10:53.265 DEBUG scan state=WAITING -> APPROACHING_START | t=1786227053.3 next=scan in +14.7s freq=1
18:10:54.268 DEBUG scan state=WAITING -> APPROACHING_START | t=1786227054.3 next=scan in +13.7s freq=1
18:10:55.272 DEBUG scan state=WAITING -> APPROACHING_START | t=1786227055.3 next=scan in +12.7s freq=1
18:10:57.259 DEBUG scan state=WAITING -> APPROACHING_START | t=1786227057.3 next=scan in +10.7s freq=1
18:10:58.270 DEBUG scan state=WAITING -> APPROACHING_START | t=1786227058.3 next=scan in +9.7s freq=1
18:11:00.268 DEBUG scan state=WAITING -> APPROACHING_START | t=1786227060.3 next=scan in +7.7s freq=1
18:11:02.268 DEBUG scan state=WAITING -> APPROACHING_START | t=1786227062.3 next=scan in +5.7s freq=1
18:11:04.269 DEBUG scan state=WAITING -> APPROACHING_START | t=1786227064.3 next=scan in +3.7s freq=1
18:11:05.272 DEBUG scan state=WAITING -> APPROACHING_START | t=1786227065.3 next=scan in +2.7s freq=1
18:11:07.259 DEBUG scan state=WAITING -> APPROACHING_START | t=1786227067.3 next=scan in +0.7s freq=1
18:11:08.273 INFO scan state=WAITING -> START_DATA | t=1786227068.3 next=scan in -0.3s freq=1
18:11:09.269 INFO scan state=DATA -> NO_ACTION | t=1786227069.3 next=n/a in n/a freq=1
18:11:18.268 INFO scan state=DATA -> START_CAL | t=1786227078.3 next=n/a in n/a freq=1
18:11:21.123 INFO scan state=CAL_2 -> NO_ACTION | t=1786227081.1 next=n/a in n/a freq=1
18:12:20.125 INFO scan state=CAL_2 -> START_BG | t=1786227140.1 next=n/a in n/a freq=1
18:12:31.730 INFO scan state=BG_2 -> NO_ACTION | t=1786227151.7 next=n/a in n/a freq=1
18:13:30.805 INFO scan state=BG_2 -> FINISHED | t=1786227210.8 next=n/a in n/a freq=1
18:14:08.735 INFO scan state=OFF -> NO_ACTION | t=1786227248.7 next=calibration in +66.2s freq=1
18:14:10.740 DEBUG scan state=OFF -> NO_ACTION | t=1786227250.7 next=calibration in +64.2s freq=1
18:14:12.735 DEBUG scan state=OFF -> NO_ACTION | t=1786227252.7 next=calibration in +62.2s freq=1
18:14:14.727 DEBUG scan state=OFF -> NO_ACTION | t=1786227254.7 next=calibration in +60.2s freq=1
18:14:15.729 INFO scan state=OFF -> APPROACHING_START | t=1786227255.7 next=calibration in +59.2s freq=1
18:14:16.734 DEBUG scan state=OFF -> APPROACHING_START | t=1786227256.7 next=calibration in +58.2s freq=1
18:14:18.734 DEBUG scan state=OFF -> APPROACHING_START | t=1786227258.7 next=calibration in +56.2s freq=1
18:14:20.730 DEBUG scan state=OFF -> APPROACHING_START | t=1786227260.7 next=calibration in +54.2s freq=1
18:14:22.730 DEBUG scan state=OFF -> APPROACHING_START | t=1786227262.7 next=calibration in +52.2s freq=1
18:14:23.733 DEBUG scan state=OFF -> APPROACHING_START | t=1786227263.7 next=calibration in +51.2s freq=1
18:14:24.733 DEBUG scan state=OFF -> APPROACHING_START | t=1786227264.7 next=calibration in +50.2s freq=1
18:14:26.730 DEBUG scan state=OFF -> APPROACHING_START | t=1786227266.7 next=calibration in +48.2s freq=1
18:14:28.730 DEBUG scan state=OFF -> APPROACHING_START | t=1786227268.7 next=calibration in +46.2s freq=1
18:14:30.731 DEBUG scan state=OFF -> APPROACHING_START | t=1786227270.7 next=calibration in +44.2s freq=1
18:14:32.735 DEBUG scan state=OFF -> APPROACHING_START | t=1786227272.7 next=calibration in +42.2s freq=1
18:14:34.733 DEBUG scan state=OFF -> APPROACHING_START | t=1786227274.7 next=calibration in +40.2s freq=1
18:14:36.729 DEBUG scan state=OFF -> APPROACHING_START | t=1786227276.7 next=calibration in +38.2s freq=1
18:14:37.731 DEBUG scan state=OFF -> APPROACHING_START | t=1786227277.7 next=calibration in +37.2s freq=1
18:14:38.732 DEBUG scan state=OFF -> APPROACHING_START | t=1786227278.7 next=calibration in +36.2s freq=1
18:14:39.739 DEBUG scan state=OFF -> APPROACHING_START | t=1786227279.7 next=calibration in +35.2s freq=1
18:14:41.738 DEBUG scan state=OFF -> APPROACHING_START | t=1786227281.7 next=calibration in +33.2s freq=1
18:14:43.731 DEBUG scan state=OFF -> APPROACHING_START | t=1786227283.7 next=calibration in +31.2s freq=1
18:14:44.733 DEBUG scan state=OFF -> APPROACHING_START | t=1786227284.7 next=calibration in +30.2s freq=1
18:14:45.734 DEBUG scan state=OFF -> APPROACHING_START | t=1786227285.7 next=calibration in +29.2s freq=1
18:14:46.739 DEBUG scan state=OFF -> APPROACHING_START | t=1786227286.7 next=calibration in +28.2s freq=1
18:14:48.731 DEBUG scan state=OFF -> APPROACHING_START | t=1786227288.7 next=calibration in +26.2s freq=1
18:14:50.732 DEBUG scan state=OFF -> APPROACHING_START | t=1786227290.7 next=calibration in +24.2s freq=1
18:14:52.730 DEBUG scan state=OFF -> APPROACHING_START | t=1786227292.7 next=calibration in +22.2s freq=1
18:14:53.743 DEBUG scan state=OFF -> APPROACHING_START | t=1786227293.7 next=calibration in +21.2s freq=1
18:14:55.728 DEBUG scan state=OFF -> APPROACHING_START | t=1786227295.7 next=calibration in +19.2s freq=1
18:14:56.730 DEBUG scan state=OFF -> APPROACHING_START | t=1786227296.7 next=calibration in +18.2s freq=1
18:14:57.733 DEBUG scan state=OFF -> APPROACHING_START | t=1786227297.7 next=calibration in +17.2s freq=1
18:14:59.731 DEBUG scan state=OFF -> APPROACHING_START | t=1786227299.7 next=calibration in +15.2s freq=1
18:15:00.735 DEBUG scan state=OFF -> APPROACHING_START | t=1786227300.7 next=calibration in +14.2s freq=1
18:15:02.736 DEBUG scan state=OFF -> APPROACHING_START | t=1786227302.7 next=calibration in +12.2s freq=1
18:15:03.738 DEBUG scan state=OFF -> APPROACHING_START | t=1786227303.7 next=calibration in +11.2s freq=1
18:15:05.735 DEBUG scan state=OFF -> APPROACHING_START | t=1786227305.7 next=calibration in +9.2s freq=1
18:15:06.736 DEBUG scan state=OFF -> APPROACHING_START | t=1786227306.7 next=calibration in +8.2s freq=1
18:15:08.738 DEBUG scan state=OFF -> APPROACHING_START | t=1786227308.7 next=calibration in +6.2s freq=1
18:15:10.732 DEBUG scan state=OFF -> APPROACHING_START | t=1786227310.7 next=calibration in +4.2s freq=1
18:15:12.728 DEBUG scan state=OFF -> APPROACHING_START | t=1786227312.7 next=calibration in +2.2s freq=1
18:15:13.739 DEBUG scan state=OFF -> APPROACHING_START | t=1786227313.7 next=calibration in +1.2s freq=1
18:15:15.731 INFO scan state=OFF -> START_CAL | t=1786227315.7 next=calibration in -0.8s freq=1
18:15:22.813 INFO scan state=CAL_1 -> NO_ACTION | t=1786227322.8 next=scan in +142.1s freq=1
18:15:45.806 DEBUG scan state=CAL_1 -> NO_ACTION | t=1786227345.8 next=scan in +119.1s freq=1
18:15:46.813 DEBUG scan state=CAL_1 -> NO_ACTION | t=1786227346.8 next=scan in +118.1s freq=1
18:15:48.808 DEBUG scan state=CAL_1 -> NO_ACTION | t=1786227348.8 next=scan in +116.1s freq=1
18:15:50.807 DEBUG scan state=CAL_1 -> NO_ACTION | t=1786227350.8 next=scan in +114.1s freq=1
18:15:51.818 DEBUG scan state=CAL_1 -> NO_ACTION | t=1786227351.8 next=scan in +113.1s freq=1
18:15:53.815 DEBUG scan state=CAL_1 -> NO_ACTION | t=1786227353.8 next=scan in +111.1s freq=1
18:15:55.813 DEBUG scan state=CAL_1 -> NO_ACTION | t=1786227355.8 next=scan in +109.1s freq=1
18:15:57.815 DEBUG scan state=CAL_1 -> NO_ACTION | t=1786227357.8 next=scan in +107.1s freq=1
18:15:59.812 DEBUG scan state=CAL_1 -> NO_ACTION | t=1786227359.8 next=scan in +105.1s freq=1
18:16:00.812 DEBUG scan state=CAL_1 -> NO_ACTION | t=1786227360.8 next=scan in +104.1s freq=1
18:16:02.809 DEBUG scan state=CAL_1 -> NO_ACTION | t=1786227362.8 next=scan in +102.1s freq=1
18:16:03.811 DEBUG scan state=CAL_1 -> NO_ACTION | t=1786227363.8 next=scan in +101.1s freq=1
18:16:04.814 DEBUG scan state=CAL_1 -> NO_ACTION | t=1786227364.8 next=scan in +100.1s freq=1
18:16:05.819 DEBUG scan state=CAL_1 -> NO_ACTION | t=1786227365.8 next=scan in +99.1s freq=1
18:16:07.817 DEBUG scan state=CAL_1 -> NO_ACTION | t=1786227367.8 next=scan in +97.1s freq=1
18:16:09.827 DEBUG scan state=CAL_1 -> NO_ACTION | t=1786227369.8 next=scan in +95.1s freq=1
18:16:11.816 DEBUG scan state=CAL_1 -> NO_ACTION | t=1786227371.8 next=scan in +93.1s freq=1
18:16:12.818 DEBUG scan state=CAL_1 -> NO_ACTION | t=1786227372.8 next=scan in +92.1s freq=1
18:16:14.810 DEBUG scan state=CAL_1 -> NO_ACTION | t=1786227374.8 next=scan in +90.1s freq=1
18:16:15.815 DEBUG scan state=CAL_1 -> NO_ACTION | t=1786227375.8 next=scan in +89.1s freq=1
18:16:17.818 DEBUG scan state=CAL_1 -> NO_ACTION | t=1786227377.8 next=scan in +87.1s freq=1
18:16:19.810 DEBUG scan state=CAL_1 -> NO_ACTION | t=1786227379.8 next=scan in +85.1s freq=1
18:16:20.822 DEBUG scan state=CAL_1 -> NO_ACTION | t=1786227380.8 next=scan in +84.1s freq=1
18:16:21.852 INFO scan state=CAL_1 -> START_BG | t=1786227381.9 next=scan in +83.1s freq=1
18:16:23.810 DEBUG scan state=CAL_1 -> START_BG | t=1786227383.8 next=scan in +81.1s freq=1
18:16:25.812 DEBUG scan state=CAL_1 -> START_BG | t=1786227385.8 next=scan in +79.1s freq=1
18:16:26.916 DEBUG scan state=CAL_1 -> START_BG | t=1786227386.9 next=scan in +78.0s freq=1
18:16:28.879 DEBUG scan state=CAL_1 -> START_BG | t=1786227388.9 next=scan in +76.0s freq=1
18:16:30.811 DEBUG scan state=CAL_1 -> START_BG | t=1786227390.8 next=scan in +74.1s freq=1
18:16:31.835 DEBUG scan state=CAL_1 -> START_BG | t=1786227391.8 next=scan in +73.1s freq=1
18:16:33.907 DEBUG scan state=CAL_1 -> START_BG | t=1786227393.9 next=scan in +71.0s freq=1
18:16:35.822 DEBUG scan state=CAL_1 -> START_BG | t=1786227395.8 next=scan in +69.1s freq=1
18:16:36.832 DEBUG scan state=CAL_1 -> START_BG | t=1786227396.8 next=scan in +68.1s freq=1
18:16:37.834 DEBUG scan state=CAL_1 -> START_BG | t=1786227397.8 next=scan in +67.1s freq=1
18:16:38.836 DEBUG scan state=CAL_1 -> START_BG | t=1786227398.8 next=scan in +66.1s freq=1
18:16:39.843 DEBUG scan state=CAL_1 -> START_BG | t=1786227399.8 next=scan in +65.1s freq=1
18:16:40.928 DEBUG scan state=CAL_1 -> START_BG | t=1786227400.9 next=scan in +64.0s freq=1
18:16:42.843 DEBUG scan state=CAL_1 -> START_BG | t=1786227402.8 next=scan in +62.1s freq=1
18:16:44.816 DEBUG scan state=CAL_1 -> START_BG | t=1786227404.8 next=scan in +60.1s freq=1
18:16:45.847 DEBUG scan state=CAL_1 -> START_BG | t=1786227405.8 next=scan in +59.1s freq=1
18:16:48.289 INFO scan state=BG_1 -> APPROACHING_START | t=1786227408.3 next=scan in +56.6s freq=1
18:16:49.295 DEBUG scan state=BG_1 -> APPROACHING_START | t=1786227409.3 next=scan in +55.6s freq=1
18:16:51.295 DEBUG scan state=BG_1 -> APPROACHING_START | t=1786227411.3 next=scan in +53.6s freq=1
18:16:53.292 DEBUG scan state=BG_1 -> APPROACHING_START | t=1786227413.3 next=scan in +51.6s freq=1
18:16:55.284 DEBUG scan state=BG_1 -> APPROACHING_START | t=1786227415.3 next=scan in +49.6s freq=1
18:16:57.288 DEBUG scan state=BG_1 -> APPROACHING_START | t=1786227417.3 next=scan in +47.6s freq=1
18:16:59.285 DEBUG scan state=BG_1 -> APPROACHING_START | t=1786227419.3 next=scan in +45.6s freq=1
18:17:00.288 DEBUG scan state=BG_1 -> APPROACHING_START | t=1786227420.3 next=scan in +44.6s freq=1
18:17:02.283 DEBUG scan state=BG_1 -> APPROACHING_START | t=1786227422.3 next=scan in +42.6s freq=1
18:17:03.308 DEBUG scan state=BG_1 -> APPROACHING_START | t=1786227423.3 next=scan in +41.6s freq=1
18:17:05.282 DEBUG scan state=BG_1 -> APPROACHING_START | t=1786227425.3 next=scan in +39.6s freq=1
18:17:06.297 DEBUG scan state=BG_1 -> APPROACHING_START | t=1786227426.3 next=scan in +38.6s freq=1
18:17:08.284 DEBUG scan state=BG_1 -> APPROACHING_START | t=1786227428.3 next=scan in +36.6s freq=1
18:17:09.288 DEBUG scan state=BG_1 -> APPROACHING_START | t=1786227429.3 next=scan in +35.6s freq=1
18:17:11.283 DEBUG scan state=BG_1 -> APPROACHING_START | t=1786227431.3 next=scan in +33.6s freq=1
18:17:13.286 DEBUG scan state=BG_1 -> APPROACHING_START | t=1786227433.3 next=scan in +31.6s freq=1
18:17:14.287 DEBUG scan state=BG_1 -> APPROACHING_START | t=1786227434.3 next=scan in +30.6s freq=1
18:17:15.292 DEBUG scan state=BG_1 -> APPROACHING_START | t=1786227435.3 next=scan in +29.6s freq=1
18:17:17.283 DEBUG scan state=BG_1 -> APPROACHING_START | t=1786227437.3 next=scan in +27.6s freq=1
18:17:18.283 DEBUG scan state=BG_1 -> APPROACHING_START | t=1786227438.3 next=scan in +26.6s freq=1
18:17:19.291 DEBUG scan state=BG_1 -> APPROACHING_START | t=1786227439.3 next=scan in +25.6s freq=1
18:17:21.294 DEBUG scan state=BG_1 -> APPROACHING_START | t=1786227441.3 next=scan in +23.6s freq=1
18:17:23.282 DEBUG scan state=BG_1 -> APPROACHING_START | t=1786227443.3 next=scan in +21.6s freq=1
18:17:24.298 DEBUG scan state=BG_1 -> APPROACHING_START | t=1786227444.3 next=scan in +20.6s freq=1
18:17:25.307 DEBUG scan state=BG_1 -> APPROACHING_START | t=1786227445.3 next=scan in +19.6s freq=1
18:17:27.289 DEBUG scan state=BG_1 -> APPROACHING_START | t=1786227447.3 next=scan in +17.6s freq=1
18:17:29.288 DEBUG scan state=BG_1 -> APPROACHING_START | t=1786227449.3 next=scan in +15.6s freq=1
18:17:31.291 DEBUG scan state=BG_1 -> APPROACHING_START | t=1786227451.3 next=scan in +13.6s freq=1
18:17:33.287 DEBUG scan state=BG_1 -> APPROACHING_START | t=1786227453.3 next=scan in +11.6s freq=1
18:17:35.284 DEBUG scan state=BG_1 -> APPROACHING_START | t=1786227455.3 next=scan in +9.6s freq=1
18:17:36.294 DEBUG scan state=BG_1 -> APPROACHING_START | t=1786227456.3 next=scan in +8.6s freq=1
18:17:38.286 DEBUG scan state=BG_1 -> APPROACHING_START | t=1786227458.3 next=scan in +6.6s freq=1
18:17:40.293 DEBUG scan state=BG_1 -> APPROACHING_START | t=1786227460.3 next=scan in +4.6s freq=1
18:17:42.291 DEBUG scan state=BG_1 -> APPROACHING_START | t=1786227462.3 next=scan in +2.6s freq=1
18:17:44.288 DEBUG scan state=BG_1 -> APPROACHING_START | t=1786227464.3 next=scan in +0.6s freq=1
18:17:45.289 INFO scan state=BG_1 -> NO_ACTION | t=1786227465.3 next=scan in -0.4s freq=1
18:17:47.291 INFO scan state=BG_1 -> START_WAIT | t=1786227467.3 next=scan in -2.4s freq=1
18:17:48.281 INFO scan state=WAITING -> START_DATA | t=1786227468.3 next=scan in -3.4s freq=1
18:17:49.286 INFO scan state=DATA -> START_CAL | t=1786227469.3 next=n/a in n/a freq=1
18:17:53.744 INFO scan state=CAL_2 -> NO_ACTION | t=1786227473.7 next=n/a in n/a freq=1
18:18:52.746 INFO scan state=CAL_2 -> START_BG | t=1786227532.7 next=n/a in n/a freq=1
18:18:56.679 INFO scan state=BG_2 -> NO_ACTION | t=1786227536.7 next=n/a in n/a freq=1
18:19:55.708 INFO scan state=BG_2 -> FINISHED | t=1786227595.7 next=n/a in n/a freq=1
18:22:42.159 INFO --- obs logging started ---
18:22:42.159 INFO scan state=WAITING -> NO_ACTION | t=800.0 next=scan in +200.0s freq=1
18:22:42.160 INFO scan state=WAITING -> APPROACHING_START | t=999.0 next=scan in +1.0s freq=1
18:22:42.160 INFO scan state=WAITING -> START_DATA | t=1000.5 next=scan in -0.5s freq=1
18:22:42.160 INFO scan state=WAITING -> START_DATA | t=1750.0 next=scan in -750.0s freq=1
18:22:42.160 INFO scan state=BG_1 -> NO_ACTION | t=930.0 next=scan in +70.0s freq=1
18:22:42.160 INFO scan state=BG_1 -> APPROACHING_START | t=945.0 next=scan in +55.0s freq=1
18:22:42.160 INFO scan state=OFF -> NO_ACTION | t=760.0 next=calibration in +90.0s freq=1
18:22:42.160 INFO scan state=OFF -> APPROACHING_START | t=820.0 next=calibration in +30.0s freq=1
18:22:42.161 INFO scan state=OFF -> START_CAL | t=850.0 next=calibration in +0.0s freq=1
18:22:42.161 INFO scan state=BG_1 -> START_WAIT | t=960.0 next=scan in +40.0s freq=1
18:22:42.161 INFO scan state=DATA -> NO_ACTION | t=999.0 next=n/a in n/a freq=1
18:22:42.167 INFO pulsar state=DATA -> NO_ACTION | t=1500.0 next=n/a in n/a freq=1
18:22:42.168 INFO pulsar state=CAL_1 -> NO_ACTION | t=910.0 next=pulsar in +90.0s freq=1
18:22:42.168 INFO survey state=DATA -> FINISHING_SWEEP | t=2001.0 next=n/a in n/a freq=1
18:22:42.168 INFO survey state=DATA -> START_CAL | t=2001.0 next=n/a in n/a freq=1
18:22:42.169 INFO survey state=DATA -> NO_ACTION | t=1500.0 next=n/a in n/a freq=1
18:22:42.169 INFO survey state=DATA -> FINISHING_SWEEP | t=2001.0 next=n/a in n/a freq=1
18:22:42.169 INFO survey state=DATA -> START_CAL | t=2002.0 next=n/a in n/a freq=1
18:22:42.169 INFO survey state=DATA -> START_CAL | t=2001.0 next=n/a in n/a freq=1
18:22:42.169 INFO survey state=DATA -> START_CAL | t=2001.0 next=n/a in n/a freq=1
18:23:03.284 INFO --- obs logging started ---
18:23:03.285 INFO pulsar state=DATA -> NO_ACTION | t=1786227783.3 next=n/a in n/a freq=1
18:23:03.300 INFO scan state=DATA -> NO_ACTION | t=1786227783.3 next=n/a in n/a freq=1
18:23:16.762 INFO --- obs logging started ---
18:23:16.762 INFO pulsar state=DATA -> NO_ACTION | t=1786227796.8 next=n/a in n/a freq=1
18:23:16.779 INFO scan state=DATA -> NO_ACTION | t=1786227796.8 next=n/a in n/a freq=1
18:23:25.637 INFO --- obs logging started ---
18:23:25.637 INFO scan state=WAITING -> NO_ACTION | t=800.0 next=scan in +200.0s freq=1
18:23:25.637 INFO scan state=WAITING -> APPROACHING_START | t=999.0 next=scan in +1.0s freq=1
18:23:25.637 INFO scan state=WAITING -> START_DATA | t=1000.5 next=scan in -0.5s freq=1
18:23:25.637 INFO scan state=WAITING -> START_DATA | t=1750.0 next=scan in -750.0s freq=1
18:23:25.637 INFO scan state=BG_1 -> NO_ACTION | t=930.0 next=scan in +70.0s freq=1
18:23:25.637 INFO scan state=BG_1 -> APPROACHING_START | t=945.0 next=scan in +55.0s freq=1
18:23:25.637 INFO scan state=OFF -> NO_ACTION | t=760.0 next=calibration in +90.0s freq=1
18:23:25.638 INFO scan state=OFF -> APPROACHING_START | t=820.0 next=calibration in +30.0s freq=1
18:23:25.638 INFO scan state=OFF -> START_CAL | t=850.0 next=calibration in +0.0s freq=1
18:23:25.638 INFO scan state=BG_1 -> START_WAIT | t=960.0 next=scan in +40.0s freq=1
18:23:25.638 INFO scan state=DATA -> NO_ACTION | t=999.0 next=n/a in n/a freq=1
18:23:25.644 INFO pulsar state=DATA -> NO_ACTION | t=1500.0 next=n/a in n/a freq=1
18:23:25.645 INFO pulsar state=CAL_1 -> NO_ACTION | t=910.0 next=pulsar in +90.0s freq=1
18:23:25.645 INFO survey state=DATA -> FINISHING_SWEEP | t=2001.0 next=n/a in n/a freq=1
18:23:25.646 INFO survey state=DATA -> START_CAL | t=2001.0 next=n/a in n/a freq=1
18:23:25.646 INFO survey state=DATA -> NO_ACTION | t=1500.0 next=n/a in n/a freq=1
18:23:25.646 INFO survey state=DATA -> FINISHING_SWEEP | t=2001.0 next=n/a in n/a freq=1
18:23:25.646 INFO survey state=DATA -> START_CAL | t=2002.0 next=n/a in n/a freq=1
18:23:25.646 INFO survey state=DATA -> START_CAL | t=2001.0 next=n/a in n/a freq=1
18:23:25.647 INFO survey state=DATA -> START_CAL | t=2001.0 next=n/a in n/a freq=1
18:25:22.614 INFO --- obs logging started ---
18:25:22.615 INFO pulsar state=OFF -> START_CAL | t=1786227922.6 next=calibration in -17.3s freq=1
18:25:24.975 INFO pulsar state=CAL_1 -> NO_ACTION | t=1786227925.0 next=pulsar in +130.3s freq=1
18:25:35.969 DEBUG pulsar state=CAL_1 -> NO_ACTION | t=1786227936.0 next=pulsar in +119.3s freq=1
18:25:36.982 DEBUG pulsar state=CAL_1 -> NO_ACTION | t=1786227937.0 next=pulsar in +118.3s freq=1
18:25:38.969 DEBUG pulsar state=CAL_1 -> NO_ACTION | t=1786227939.0 next=pulsar in +116.3s freq=1
18:25:39.971 DEBUG pulsar state=CAL_1 -> NO_ACTION | t=1786227940.0 next=pulsar in +115.3s freq=1
18:25:41.970 DEBUG pulsar state=CAL_1 -> NO_ACTION | t=1786227942.0 next=pulsar in +113.3s freq=1
18:25:42.975 DEBUG pulsar state=CAL_1 -> NO_ACTION | t=1786227943.0 next=pulsar in +112.3s freq=1
18:25:44.967 DEBUG pulsar state=CAL_1 -> NO_ACTION | t=1786227945.0 next=pulsar in +110.3s freq=1
18:25:45.977 DEBUG pulsar state=CAL_1 -> NO_ACTION | t=1786227946.0 next=pulsar in +109.3s freq=1
18:25:47.983 DEBUG pulsar state=CAL_1 -> NO_ACTION | t=1786227948.0 next=pulsar in +107.3s freq=1
18:25:49.979 DEBUG pulsar state=CAL_1 -> NO_ACTION | t=1786227950.0 next=pulsar in +105.3s freq=1
18:25:51.969 DEBUG pulsar state=CAL_1 -> NO_ACTION | t=1786227952.0 next=pulsar in +103.3s freq=1
18:25:52.986 DEBUG pulsar state=CAL_1 -> NO_ACTION | t=1786227953.0 next=pulsar in +102.3s freq=1
18:25:54.979 DEBUG pulsar state=CAL_1 -> NO_ACTION | t=1786227955.0 next=pulsar in +100.3s freq=1
18:25:56.982 DEBUG pulsar state=CAL_1 -> NO_ACTION | t=1786227957.0 next=pulsar in +98.3s freq=1
18:25:58.984 DEBUG pulsar state=CAL_1 -> NO_ACTION | t=1786227959.0 next=pulsar in +96.3s freq=1
18:26:00.975 DEBUG pulsar state=CAL_1 -> NO_ACTION | t=1786227961.0 next=pulsar in +94.3s freq=1
18:26:02.980 DEBUG pulsar state=CAL_1 -> NO_ACTION | t=1786227963.0 next=pulsar in +92.3s freq=1
18:26:04.984 DEBUG pulsar state=CAL_1 -> NO_ACTION | t=1786227965.0 next=pulsar in +90.3s freq=1
18:26:06.977 DEBUG pulsar state=CAL_1 -> NO_ACTION | t=1786227967.0 next=pulsar in +88.3s freq=1
18:26:07.980 DEBUG pulsar state=CAL_1 -> NO_ACTION | t=1786227968.0 next=pulsar in +87.3s freq=1
18:26:09.974 DEBUG pulsar state=CAL_1 -> NO_ACTION | t=1786227970.0 next=pulsar in +85.3s freq=1
18:26:10.979 DEBUG pulsar state=CAL_1 -> NO_ACTION | t=1786227971.0 next=pulsar in +84.3s freq=1
18:26:12.970 DEBUG pulsar state=CAL_1 -> NO_ACTION | t=1786227973.0 next=pulsar in +82.3s freq=1
18:26:13.973 DEBUG pulsar state=CAL_1 -> NO_ACTION | t=1786227974.0 next=pulsar in +81.3s freq=1
18:26:15.969 DEBUG pulsar state=CAL_1 -> NO_ACTION | t=1786227976.0 next=pulsar in +79.3s freq=1
18:26:16.979 DEBUG pulsar state=CAL_1 -> NO_ACTION | t=1786227977.0 next=pulsar in +78.3s freq=1
18:26:17.981 DEBUG pulsar state=CAL_1 -> NO_ACTION | t=1786227978.0 next=pulsar in +77.3s freq=1
18:26:19.983 DEBUG pulsar state=CAL_1 -> NO_ACTION | t=1786227980.0 next=pulsar in +75.3s freq=1
18:26:21.973 DEBUG pulsar state=CAL_1 -> NO_ACTION | t=1786227982.0 next=pulsar in +73.3s freq=1
18:26:23.978 INFO pulsar state=CAL_1 -> START_BG | t=1786227984.0 next=pulsar in +71.3s freq=1
18:26:25.981 DEBUG pulsar state=CAL_1 -> START_BG | t=1786227986.0 next=pulsar in +69.3s freq=1
18:26:27.082 INFO pulsar state=BG_1 -> NO_ACTION | t=1786227987.1 next=pulsar in +68.2s freq=1
18:26:28.089 DEBUG pulsar state=BG_1 -> NO_ACTION | t=1786227988.1 next=pulsar in +67.2s freq=1
18:26:30.084 DEBUG pulsar state=BG_1 -> NO_ACTION | t=1786227990.1 next=pulsar in +65.2s freq=1
18:26:32.090 DEBUG pulsar state=BG_1 -> NO_ACTION | t=1786227992.1 next=pulsar in +63.2s freq=1
18:26:34.086 DEBUG pulsar state=BG_1 -> NO_ACTION | t=1786227994.1 next=pulsar in +61.2s freq=1
18:26:35.090 DEBUG pulsar state=BG_1 -> NO_ACTION | t=1786227995.1 next=pulsar in +60.2s freq=1
18:26:36.075 INFO pulsar state=BG_1 -> APPROACHING_START | t=1786227996.1 next=pulsar in +59.2s freq=1
18:26:37.078 DEBUG pulsar state=BG_1 -> APPROACHING_START | t=1786227997.1 next=pulsar in +58.2s freq=1
18:26:39.081 DEBUG pulsar state=BG_1 -> APPROACHING_START | t=1786227999.1 next=pulsar in +56.2s freq=1
18:26:40.081 DEBUG pulsar state=BG_1 -> APPROACHING_START | t=1786228000.1 next=pulsar in +55.2s freq=1
18:26:41.088 DEBUG pulsar state=BG_1 -> APPROACHING_START | t=1786228001.1 next=pulsar in +54.2s freq=1
18:26:43.084 DEBUG pulsar state=BG_1 -> APPROACHING_START | t=1786228003.1 next=pulsar in +52.2s freq=1
18:26:45.078 DEBUG pulsar state=BG_1 -> APPROACHING_START | t=1786228005.1 next=pulsar in +50.2s freq=1
18:26:46.085 DEBUG pulsar state=BG_1 -> APPROACHING_START | t=1786228006.1 next=pulsar in +49.2s freq=1
18:26:47.101 DEBUG pulsar state=BG_1 -> APPROACHING_START | t=1786228007.1 next=pulsar in +48.2s freq=1
18:26:49.099 DEBUG pulsar state=BG_1 -> APPROACHING_START | t=1786228009.1 next=pulsar in +46.2s freq=1
18:26:51.100 DEBUG pulsar state=BG_1 -> APPROACHING_START | t=1786228011.1 next=pulsar in +44.2s freq=1
18:26:53.082 DEBUG pulsar state=BG_1 -> APPROACHING_START | t=1786228013.1 next=pulsar in +42.2s freq=1
18:26:54.085 DEBUG pulsar state=BG_1 -> APPROACHING_START | t=1786228014.1 next=pulsar in +41.2s freq=1
18:26:56.084 DEBUG pulsar state=BG_1 -> APPROACHING_START | t=1786228016.1 next=pulsar in +39.2s freq=1
18:26:58.077 DEBUG pulsar state=BG_1 -> APPROACHING_START | t=1786228018.1 next=pulsar in +37.2s freq=1
18:26:59.080 DEBUG pulsar state=BG_1 -> APPROACHING_START | t=1786228019.1 next=pulsar in +36.2s freq=1
18:27:00.081 DEBUG pulsar state=BG_1 -> APPROACHING_START | t=1786228020.1 next=pulsar in +35.2s freq=1
18:27:02.087 DEBUG pulsar state=BG_1 -> APPROACHING_START | t=1786228022.1 next=pulsar in +33.2s freq=1
18:27:03.089 DEBUG pulsar state=BG_1 -> APPROACHING_START | t=1786228023.1 next=pulsar in +32.2s freq=1
18:27:05.089 DEBUG pulsar state=BG_1 -> APPROACHING_START | t=1786228025.1 next=pulsar in +30.2s freq=1
18:27:07.080 DEBUG pulsar state=BG_1 -> APPROACHING_START | t=1786228027.1 next=pulsar in +28.2s freq=1
18:27:09.082 DEBUG pulsar state=BG_1 -> APPROACHING_START | t=1786228029.1 next=pulsar in +26.2s freq=1
18:27:10.089 DEBUG pulsar state=BG_1 -> APPROACHING_START | t=1786228030.1 next=pulsar in +25.2s freq=1
18:27:12.079 DEBUG pulsar state=BG_1 -> APPROACHING_START | t=1786228032.1 next=pulsar in +23.2s freq=1
18:27:13.082 DEBUG pulsar state=BG_1 -> APPROACHING_START | t=1786228033.1 next=pulsar in +22.2s freq=1
18:27:14.091 DEBUG pulsar state=BG_1 -> APPROACHING_START | t=1786228034.1 next=pulsar in +21.2s freq=1
18:27:16.075 DEBUG pulsar state=BG_1 -> APPROACHING_START | t=1786228036.1 next=pulsar in +19.2s freq=1
18:27:17.081 DEBUG pulsar state=BG_1 -> APPROACHING_START | t=1786228037.1 next=pulsar in +18.2s freq=1
18:27:19.076 DEBUG pulsar state=BG_1 -> APPROACHING_START | t=1786228039.1 next=pulsar in +16.2s freq=1
18:27:20.076 DEBUG pulsar state=BG_1 -> APPROACHING_START | t=1786228040.1 next=pulsar in +15.2s freq=1
18:27:21.078 DEBUG pulsar state=BG_1 -> APPROACHING_START | t=1786228041.1 next=pulsar in +14.2s freq=1
18:27:22.085 DEBUG pulsar state=BG_1 -> APPROACHING_START | t=1786228042.1 next=pulsar in +13.2s freq=1
18:27:24.076 DEBUG pulsar state=BG_1 -> APPROACHING_START | t=1786228044.1 next=pulsar in +11.2s freq=1
18:27:25.086 DEBUG pulsar state=BG_1 -> APPROACHING_START | t=1786228045.1 next=pulsar in +10.2s freq=1
18:27:26.089 INFO pulsar state=BG_1 -> START_WAIT | t=1786228046.1 next=pulsar in +9.2s freq=1
18:27:27.082 INFO pulsar state=WAITING -> APPROACHING_START | t=1786228047.1 next=pulsar in +8.2s freq=1
18:27:29.091 DEBUG pulsar state=WAITING -> APPROACHING_START | t=1786228049.1 next=pulsar in +6.2s freq=1
18:27:31.077 DEBUG pulsar state=WAITING -> APPROACHING_START | t=1786228051.1 next=pulsar in +4.2s freq=1
18:27:32.080 DEBUG pulsar state=WAITING -> APPROACHING_START | t=1786228052.1 next=pulsar in +3.2s freq=1
18:27:34.078 DEBUG pulsar state=WAITING -> APPROACHING_START | t=1786228054.1 next=pulsar in +1.2s freq=1
18:27:36.078 INFO pulsar state=WAITING -> START_DATA | t=1786228056.1 next=pulsar in -0.8s freq=1
18:27:37.089 INFO pulsar state=DATA -> NO_ACTION | t=1786228057.1 next=n/a in n/a freq=6
18:27:55.270 INFO pulsar state=DATA -> START_CAL | t=1786228075.3 next=n/a in n/a freq=6
18:27:56.830 INFO pulsar state=CAL_2 -> NO_ACTION | t=1786228076.8 next=n/a in n/a freq=1
18:28:56.831 INFO pulsar state=CAL_2 -> START_BG | t=1786228136.8 next=n/a in n/a freq=1
18:29:10.209 INFO pulsar state=BG_2 -> NO_ACTION | t=1786228150.2 next=n/a in n/a freq=1
18:30:09.206 INFO pulsar state=BG_2 -> FINISHED | t=1786228209.2 next=n/a in n/a freq=1
18:52:21.498 INFO --- obs logging started ---
18:52:21.498 INFO scan state=WAITING -> NO_ACTION | t=800.0 next=scan in +200.0s freq=1
18:52:21.498 INFO scan state=WAITING -> APPROACHING_START | t=999.0 next=scan in +1.0s freq=1
18:52:21.498 INFO scan state=WAITING -> START_DATA | t=1000.5 next=scan in -0.5s freq=1
18:52:21.499 INFO scan state=WAITING -> START_DATA | t=1750.0 next=scan in -750.0s freq=1
18:52:21.499 INFO scan state=BG_1 -> NO_ACTION | t=930.0 next=scan in +70.0s freq=1
18:52:21.499 INFO scan state=BG_1 -> APPROACHING_START | t=945.0 next=scan in +55.0s freq=1
18:52:21.499 INFO scan state=OFF -> NO_ACTION | t=760.0 next=calibration in +90.0s freq=1
18:52:21.499 INFO scan state=OFF -> APPROACHING_START | t=820.0 next=calibration in +30.0s freq=1
18:52:21.500 INFO scan state=OFF -> START_CAL | t=850.0 next=calibration in +0.0s freq=1
18:52:21.500 INFO scan state=BG_1 -> START_WAIT | t=960.0 next=scan in +40.0s freq=1
18:52:21.500 INFO scan state=DATA -> NO_ACTION | t=999.0 next=n/a in n/a freq=1
18:52:21.507 INFO pulsar state=DATA -> NO_ACTION | t=1500.0 next=n/a in n/a freq=1
18:52:21.508 INFO pulsar state=CAL_1 -> NO_ACTION | t=910.0 next=pulsar in +90.0s freq=1
18:52:21.508 INFO survey state=DATA -> FINISHING_SWEEP | t=2001.0 next=n/a in n/a freq=1
18:52:21.508 INFO survey state=DATA -> START_CAL | t=2001.0 next=n/a in n/a freq=1
18:52:21.509 INFO survey state=DATA -> NO_ACTION | t=1500.0 next=n/a in n/a freq=1
18:52:21.509 INFO survey state=DATA -> FINISHING_SWEEP | t=2001.0 next=n/a in n/a freq=1
18:52:21.509 INFO survey state=DATA -> START_CAL | t=2002.0 next=n/a in n/a freq=1
18:52:21.509 INFO survey state=DATA -> START_CAL | t=2001.0 next=n/a in n/a freq=1
18:52:21.509 INFO survey state=DATA -> START_CAL | t=2001.0 next=n/a in n/a freq=1
18:54:16.551 INFO --- obs logging started ---
18:54:16.552 INFO scan state=WAITING -> NO_ACTION | t=800.0 next=scan in +200.0s freq=1
18:54:16.552 INFO scan state=WAITING -> APPROACHING_START | t=999.0 next=scan in +1.0s freq=1
18:54:16.552 INFO scan state=WAITING -> START_DATA | t=1000.5 next=scan in -0.5s freq=1
18:54:16.552 INFO scan state=WAITING -> START_DATA | t=1750.0 next=scan in -750.0s freq=1
18:54:16.553 INFO scan state=BG_1 -> NO_ACTION | t=930.0 next=scan in +70.0s freq=1
18:54:16.553 INFO scan state=BG_1 -> APPROACHING_START | t=945.0 next=scan in +55.0s freq=1
18:54:16.553 INFO scan state=OFF -> NO_ACTION | t=760.0 next=calibration in +90.0s freq=1
18:54:16.553 INFO scan state=OFF -> APPROACHING_START | t=820.0 next=calibration in +30.0s freq=1
18:54:16.553 INFO scan state=OFF -> START_CAL | t=850.0 next=calibration in +0.0s freq=1
18:54:16.553 INFO scan state=BG_1 -> START_WAIT | t=960.0 next=scan in +40.0s freq=1
18:54:16.553 INFO scan state=DATA -> NO_ACTION | t=999.0 next=n/a in n/a freq=1
18:54:16.555 INFO survey state=DATA -> FINISHING_SWEEP | t=2001.0 next=n/a in n/a freq=1
18:54:16.556 INFO survey state=DATA -> START_CAL | t=2001.0 next=n/a in n/a freq=1
18:54:16.556 INFO survey state=DATA -> NO_ACTION | t=1500.0 next=n/a in n/a freq=1
18:54:16.556 INFO survey state=DATA -> FINISHING_SWEEP | t=2001.0 next=n/a in n/a freq=1
18:54:16.556 INFO survey state=DATA -> START_CAL | t=2002.0 next=n/a in n/a freq=1
18:54:16.557 INFO survey state=DATA -> START_CAL | t=2001.0 next=n/a in n/a freq=1
18:54:16.557 INFO survey state=DATA -> START_CAL | t=2001.0 next=n/a in n/a freq=1
18:54:16.559 INFO pulsar state=DATA -> NO_ACTION | t=1500.0 next=n/a in n/a freq=1
18:54:16.560 INFO pulsar state=CAL_1 -> NO_ACTION | t=910.0 next=pulsar in +90.0s freq=1
